Vivado Simulator v2023.2
Copyright 1986-2022 Xilinx, Inc. All Rights Reserved.
Copyright 2022-2023 Advanced Micro Devices, Inc. All Rights Reserved.
Running: C:/vivado/Vivado/2023.2/bin/unwrapped/win64.o/xelab.exe --incr --debug typical --relax --mt 2 -L xil_defaultlib -L unisims_ver -L unimacro_ver -L secureip --snapshot tb_usb_keyboard_verified_behav xil_defaultlib.tb_usb_keyboard_verified xil_defaultlib.glbl -log elaborate.log 
Using 2 slave threads.
Starting static elaboration
Pass Through NonSizing Optimizer
Completed static elaboration
Starting simulation data flow analysis
WARNING: [XSIM 43-4099] "C:/Users/25591/Desktop/usb_keyboard/usb_keyboard.srcs/sources_1/new/usb_keyboard.v" Line 2. Module usb_keyboard doesn't have a timescale but at least one module in design has a timescale.
WARNING: [XSIM 43-4099] "C:/Users/25591/Desktop/usb_keyboard/usb_keyboard.srcs/sources_1/new/ps2_transmitter.v" Line 2. Module ps2_receiver doesn't have a timescale but at least one module in design has a timescale.
WARNING: [XSIM 43-4099] "C:/Users/25591/Desktop/usb_keyboard/usb_keyboard.srcs/sources_1/new/usb_keyboard.v" Line 2. Module usb_keyboard doesn't have a timescale but at least one module in design has a timescale.
WARNING: [XSIM 43-4099] "C:/Users/25591/Desktop/usb_keyboard/usb_keyboard.srcs/sources_1/new/ps2_transmitter.v" Line 2. Module ps2_receiver doesn't have a timescale but at least one module in design has a timescale.
Completed simulation data flow analysis
Time Resolution for simulation is 1ps
Compiling module xil_defaultlib.ps2_receiver
Compiling module xil_defaultlib.usb_keyboard
Compiling module xil_defaultlib.tb_usb_keyboard_verified
Compiling module xil_defaultlib.glbl
Built simulation snapshot tb_usb_keyboard_verified_behav
